src/apps/admin/UserManagementPage.tsx(11,51): error TS2339: Property 'setUserPassword' does not exist on type '{ getCurrentUser: FunctionReference<"query", "public", EmptyObject, { _id: Id<"users">; _creationTime: number; role?: string | undefined; email: string; name: string; isAdmin: boolean; createdAt: number; } | null, string | undefined>; ... 8 more ...; updateUserRole: FunctionReference<...>; }'.
src/apps/calendar/CalendarApp.tsx(58,20): error TS2345: Argument of type 'string | null | undefined' is not assignable to parameter of type 'string'.
  Type 'undefined' is not assignable to type 'string'.
src/apps/calendar/CalendarApp.tsx(58,70): error TS2339: Property 'expires_in' does not exist on type 'Credentials'.
src/apps/calendar/CalendarApp.tsx(83,86): error TS2339: Property 'expires_in' does not exist on type '{ access_token: string; refresh_token: string; expiry_date: number | null | undefined; }'.
src/apps/calendar/CalendarApp.tsx(165,11): error TS2353: Object literal may only specify known properties, and 'summary' does not exist in type '{ accessToken?: string | undefined; title: string; startTime: string; endTime: string; eventId: string; }'.
src/apps/calendar/CalendarApp.tsx(172,11): error TS2353: Object literal may only specify known properties, and 'summary' does not exist in type '{ accessToken?: string | undefined; title: string; startTime: string; endTime: string; }'.
src/apps/calendar/components/AttendanceReportModal.tsx(43,90): error TS18047: 's' is possibly 'null'.
src/apps/calendar/components/AttendanceReportModal.tsx(44,88): error TS18047: 's' is possibly 'null'.
src/apps/calendar/components/AttendanceReportModal.tsx(103,46): error TS18047: 's' is possibly 'null'.
src/apps/calendar/components/AttendanceReportModal.tsx(105,42): error TS18047: 's' is possibly 'null'.
src/apps/calendar/components/AttendanceReportModal.tsx(105,56): error TS18047: 's' is possibly 'null'.
src/apps/calendar/components/AttendanceReportModal.tsx(116,46): error TS18047: 's' is possibly 'null'.
src/apps/calendar/components/AttendanceReportModal.tsx(118,42): error TS18047: 's' is possibly 'null'.
src/apps/calendar/components/AttendanceReportModal.tsx(118,56): error TS18047: 's' is possibly 'null'.
src/apps/calendar/components/AttendanceReportModal.tsx(135,80): error TS18047: 's' is possibly 'null'.
src/apps/finance/components/AssetForm.tsx(44,17): error TS2551: Property 'listAssetTypes' does not exist on type '{ listAccounts: FunctionReference<"query", "public", { accountType?: "asset" | "liability" | "equity" | "revenue" | "expense" | undefined; workspaceId: Id<"workspaces">; }, { _id: Id<"accounts">; ... 15 more ...; updatedAt: number; }[], string | undefined>; ... 27 more ...; upsertEquityGoal: FunctionReference<...>; }'. Did you mean 'listAssets'?
src/apps/finance/components/AssetForm.tsx(49,59): error TS2551: Property 'createAssetType' does not exist on type '{ listAccounts: FunctionReference<"query", "public", { accountType?: "asset" | "liability" | "equity" | "revenue" | "expense" | undefined; workspaceId: Id<"workspaces">; }, { _id: Id<"accounts">; ... 15 more ...; updatedAt: number; }[], string | undefined>; ... 27 more ...; upsertEquityGoal: FunctionReference<...>; }'. Did you mean 'createAsset'?
src/apps/finance/components/BudgetPage.tsx(385,66): error TS7006: Parameter 'val' implicitly has an 'any' type.
src/apps/finance/components/BudgetPage.tsx(408,66): error TS7006: Parameter 'val' implicitly has an 'any' type.
src/apps/finance/components/EquityMonitoring.tsx(267,46): error TS2339: Property 'currentNetWorth' does not exist on type '{ hasGoal: boolean; currentEquity: number; targetEquity: number; progress: number; remaining: number; targetDate: null; daysRemaining: null; createdAt?: undefined; updatedAt?: undefined; } | { ...; }'.
  Property 'currentNetWorth' does not exist on type '{ hasGoal: boolean; currentEquity: number; targetEquity: number; progress: number; remaining: number; targetDate: null; daysRemaining: null; createdAt?: undefined; updatedAt?: undefined; }'.
src/apps/finance/FinanceApp.tsx(113,17): error TS2551: Property 'getLiquidityGoal' does not exist on type '{ listAccounts: FunctionReference<"query", "public", { accountType?: "asset" | "liability" | "equity" | "revenue" | "expense" | undefined; workspaceId: Id<"workspaces">; }, { _id: Id<"accounts">; ... 15 more ...; updatedAt: number; }[], string | undefined>; ... 27 more ...; upsertEquityGoal: FunctionReference<...>; }'. Did you mean 'getEquityGoal'?
src/apps/finance/FinanceApp.tsx(116,46): error TS2551: Property 'upsertLiquidityGoal' does not exist on type '{ listAccounts: FunctionReference<"query", "public", { accountType?: "asset" | "liability" | "equity" | "revenue" | "expense" | undefined; workspaceId: Id<"workspaces">; }, { _id: Id<"accounts">; ... 15 more ...; updatedAt: number; }[], string | undefined>; ... 27 more ...; upsertEquityGoal: FunctionReference<...>; }'. Did you mean 'upsertEquityGoal'?
src/apps/finance/FinanceApp.tsx(152,55): error TS2339: Property 'updateAsset' does not exist on type '{ listAccounts: FunctionReference<"query", "public", { accountType?: "asset" | "liability" | "equity" | "revenue" | "expense" | undefined; workspaceId: Id<"workspaces">; }, { _id: Id<"accounts">; ... 15 more ...; updatedAt: number; }[], string | undefined>; ... 27 more ...; upsertEquityGoal: FunctionReference<...>; }'.
src/apps/finance/FinanceApp.tsx(153,55): error TS2339: Property 'deleteAsset' does not exist on type '{ listAccounts: FunctionReference<"query", "public", { accountType?: "asset" | "liability" | "equity" | "revenue" | "expense" | undefined; workspaceId: Id<"workspaces">; }, { _id: Id<"accounts">; ... 15 more ...; updatedAt: number; }[], string | undefined>; ... 27 more ...; upsertEquityGoal: FunctionReference<...>; }'.
src/apps/finance/FinanceApp.tsx(156,59): error TS2551: Property 'updateLiability' does not exist on type '{ listAccounts: FunctionReference<"query", "public", { accountType?: "asset" | "liability" | "equity" | "revenue" | "expense" | undefined; workspaceId: Id<"workspaces">; }, { _id: Id<"accounts">; ... 15 more ...; updatedAt: number; }[], string | undefined>; ... 27 more ...; upsertEquityGoal: FunctionReference<...>; }'. Did you mean 'createLiability'?
src/apps/finance/FinanceApp.tsx(157,59): error TS2551: Property 'deleteLiability' does not exist on type '{ listAccounts: FunctionReference<"query", "public", { accountType?: "asset" | "liability" | "equity" | "revenue" | "expense" | undefined; workspaceId: Id<"workspaces">; }, { _id: Id<"accounts">; ... 15 more ...; updatedAt: number; }[], string | undefined>; ... 27 more ...; upsertEquityGoal: FunctionReference<...>; }'. Did you mean 'createLiability'?
src/apps/flow/FlowApp.tsx(45,5): error TS2345: Argument of type 'FunctionReference<"query", "public", { ideaId: Id<"ideas">; }, { _id: Id<"tasks">; _creationTime: number; isRecurring?: boolean | undefined; recurrenceType?: string | undefined; recurrenceInterval?: number | undefined; ... 22 more ...; status: "todo" | ... 1 more ... | "completed"; }[], string | undefined> | "skip"' is not assignable to parameter of type 'FunctionReference<"query">'.
  Type 'string' is not assignable to type 'FunctionReference<"query">'.
src/apps/invoices/CompanySettingsPage.tsx(56,17): error TS2322: Type 'string | null | undefined' is not assignable to type 'string | undefined'.
  Type 'null' is not assignable to type 'string | undefined'.
src/apps/invoices/CompanySettingsPage.tsx(106,17): error TS2322: Type 'string | undefined' is not assignable to type 'Id<"_storage"> | undefined'.
  Type 'string' is not assignable to type 'Id<"_storage">'.
    Type 'string' is not assignable to type '{ __tableName: "_storage"; }'.
src/apps/invoices/components/CustomerAttendanceList.tsx(209,50): error TS18048: 'lesson.status' is possibly 'undefined'.
src/apps/invoices/CustomerListPage.tsx(626,14): error TS2739: Type '{ isOpen: boolean; onClose: () => void; }' is missing the following properties from type 'CustomerImportModalProps': workspaceId, onImportComplete
src/apps/invoices/InvoicePreviewPage.tsx(23,55): error TS2339: Property 'sendInvoiceEmail' does not exist on type '{ createInvoice: FunctionReference<"mutation", "public", { notes?: string | undefined; status?: "archived" | "draft" | "sent" | "paid" | "cancelled" | undefined; paymentTerms?: string | undefined; ... 6 more ...; items: { ...; }[]; }, string & { ...; }, string | undefined>; ... 12 more ...; inspectData: FunctionRefe...'.
src/apps/invoices/InvoicePreviewPage.tsx(31,29): error TS2339: Property 'defaultEmailTemplate' does not exist on type '{ _id: Id<"companySettings">; _creationTime: number; email?: string | undefined; zipCode?: string | undefined; city?: string | undefined; country?: string | undefined; addressLine1?: string | undefined; ... 26 more ...; companyName: string; } | { ...; }'.
  Property 'defaultEmailTemplate' does not exist on type '{ _id: Id<"companySettings">; _creationTime: number; email?: string | undefined; zipCode?: string | undefined; city?: string | undefined; country?: string | undefined; addressLine1?: string | undefined; ... 26 more ...; companyName: string; }'.
src/apps/invoices/InvoicePreviewPage.tsx(37,55): error TS2339: Property 'totalAmount' does not exist on type '{ customer: { _id: Id<"customers">; _creationTime: number; email?: string | undefined; isActive?: boolean | undefined; notes?: string | undefined; title?: string | undefined; companyName?: string | undefined; ... 32 more ...; paymentTermsDays: number; } | null; ... 18 more ...; total: number; }'.
src/apps/invoices/InvoicePreviewPage.tsx(52,21): error TS2322: Type '{ invoice: { customer: { _id: Id<"customers">; _creationTime: number; email?: string | undefined; isActive?: boolean | undefined; notes?: string | undefined; title?: string | undefined; ... 33 more ...; paymentTermsDays: number; } | null; ... 18 more ...; total: number; }; customer: { ...; }; settings: { ...; } | { ...' is not assignable to type 'IntrinsicAttributes & InvoicePDFProps'.
  Property 'customer' does not exist on type 'IntrinsicAttributes & InvoicePDFProps'.
src/apps/invoices/InvoicePreviewPage.tsx(87,17): error TS2322: Type '{ invoice: { customer: { _id: Id<"customers">; _creationTime: number; email?: string | undefined; isActive?: boolean | undefined; notes?: string | undefined; title?: string | undefined; ... 33 more ...; paymentTermsDays: number; } | null; ... 18 more ...; total: number; }; customer: { ...; }; settings: { ...; } | { ...' is not assignable to type 'IntrinsicAttributes & InvoicePDFProps'.
  Property 'customer' does not exist on type 'IntrinsicAttributes & InvoicePDFProps'.
src/apps/invoices/InvoicePreviewPage.tsx(117,29): error TS2367: This comparison appears to be unintentional because the types '"archived" | "draft" | "cancelled"' and '"overdue"' have no overlap.
src/apps/invoices/InvoicePreviewPage.tsx(160,29): error TS2322: Type '{ invoice: { customer: { _id: Id<"customers">; _creationTime: number; email?: string | undefined; isActive?: boolean | undefined; notes?: string | undefined; title?: string | undefined; ... 33 more ...; paymentTermsDays: number; } | null; ... 18 more ...; total: number; }; customer: { ...; }; settings: { ...; } | { ...' is not assignable to type 'IntrinsicAttributes & InvoicePDFProps'.
  Property 'customer' does not exist on type 'IntrinsicAttributes & InvoicePDFProps'.
src/apps/productivity/ProductivityApp.tsx(68,9): error TS2345: Argument of type 'FunctionReference<"query", "public", { ideaId: Id<"ideas">; }, { _id: Id<"tasks">; _creationTime: number; isRecurring?: boolean | undefined; recurrenceType?: string | undefined; recurrenceInterval?: number | undefined; ... 22 more ...; status: "todo" | ... 1 more ... | "completed"; }[], string | undefined> | "skip"' is not assignable to parameter of type 'FunctionReference<"query">'.
  Type 'string' is not assignable to type 'FunctionReference<"query">'.
src/apps/productivity/ProductivityApp.tsx(108,13): error TS2322: Type 'string | undefined' is not assignable to type '"monthly" | "yearly" | "daily" | "weekly" | undefined'.
  Type 'string' is not assignable to type '"monthly" | "yearly" | "daily" | "weekly" | undefined'.
src/apps/productivity/ProductivityApp.tsx(428,62): error TS2339: Property 'category' does not exist on type '{ _id: Id<"timeAllocations">; _creationTime: number; taskId?: Id<"tasks"> | undefined; parentAllocationId?: Id<"timeAllocations"> | undefined; isRecurring?: boolean | undefined; ... 11 more ...; weekNumber: number; }'.
src/apps/teacher/TeacherDashboard.tsx(124,95): error TS18048: 'lesson.type' is possibly 'undefined'.
src/apps/teacher/TeacherDashboard.tsx(138,69): error TS2322: Type 'string | undefined' is not assignable to type '"online" | "in_person_office" | "in_person_company"'.
  Type 'undefined' is not assignable to type '"online" | "in_person_office" | "in_person_company"'.
src/apps/time/components/TaskSelector.tsx(48,14): error TS2339: Property 'category' does not exist on type '{ _id: Id<"tasks">; _creationTime: number; isRecurring?: boolean | undefined; recurrenceType?: string | undefined; recurrenceInterval?: number | undefined; recurrenceEndDate?: string | undefined; ... 21 more ...; status: "todo" | ... 1 more ... | "completed"; }'.
src/apps/time/components/TaskSelector.tsx(161,29): error TS2339: Property 'category' does not exist on type '{ _id: Id<"tasks">; _creationTime: number; isRecurring?: boolean | undefined; recurrenceType?: string | undefined; recurrenceInterval?: number | undefined; recurrenceEndDate?: string | undefined; ... 21 more ...; status: "todo" | ... 1 more ... | "completed"; }'.
src/apps/time/components/TaskSelector.tsx(163,33): error TS2339: Property 'category' does not exist on type '{ _id: Id<"tasks">; _creationTime: number; isRecurring?: boolean | undefined; recurrenceType?: string | undefined; recurrenceInterval?: number | undefined; recurrenceEndDate?: string | undefined; ... 21 more ...; status: "todo" | ... 1 more ... | "completed"; }'.
src/apps/time/TimeApp.tsx(53,7): error TS2322: Type 'string | undefined' is not assignable to type '"monthly" | "yearly" | "daily" | "weekly" | undefined'.
  Type 'string' is not assignable to type '"monthly" | "yearly" | "daily" | "weekly" | undefined'.
src/apps/time/TimeApp.tsx(60,22): error TS2345: Argument of type '{ _id?: Id<"timeAllocations"> | undefined; _creationTime?: number | undefined; taskId?: Id<"tasks"> | undefined; parentAllocationId?: Id<"timeAllocations"> | undefined; ... 13 more ...; id: Id<"timeAllocations">; }' is not assignable to parameter of type '{ isRecurring?: boolean | undefined; recurrenceType?: "monthly" | "yearly" | "daily" | "weekly" | undefined; recurrenceInterval?: number | undefined; recurrenceEndDate?: string | undefined; recurrenceCount?: number | undefined; taskName?: string | undefined; allocatedDuration?: number | undefined; id: Id<...>; }'.
  Types of property 'recurrenceType' are incompatible.
    Type 'string | undefined' is not assignable to type '"monthly" | "yearly" | "daily" | "weekly" | undefined'.
      Type 'string' is not assignable to type '"monthly" | "yearly" | "daily" | "weekly" | undefined'.
src/apps/time/TimeApp.tsx(92,19): error TS2339: Property 'category' does not exist on type '{ _id: Id<"timeAllocations">; _creationTime: number; taskId?: Id<"tasks"> | undefined; parentAllocationId?: Id<"timeAllocations"> | undefined; isRecurring?: boolean | undefined; ... 11 more ...; weekNumber: number; }'.
src/apps/time/TimeApp.tsx(190,40): error TS2339: Property 'category' does not exist on type '{ _id: Id<"timeAllocations">; _creationTime: number; taskId?: Id<"tasks"> | undefined; parentAllocationId?: Id<"timeAllocations"> | undefined; isRecurring?: boolean | undefined; ... 11 more ...; weekNumber: number; }'.
